// Jest Snapshot v1, https://jestjs.io/docs/snapshot-testing

exports[`skip a task should skip the task from async skip method returning either boolean or string: dKEmraxPfJH3cEj4bHeTsieEALbqcFIR-exit 1`] = `[]`;

exports[`skip a task should skip the task from async skip method returning either boolean or string: dKEmraxPfJH3cEj4bHeTsieEALbqcFIR-stderr 1`] = `[]`;

exports[`skip a task should skip the task from async skip method returning either boolean or string: dKEmraxPfJH3cEj4bHeTsieEALbqcFIR-stdout 1`] = `
[
  "{"event":"STATE","data":"STARTED","task":{"hasRolledBack":false,"isRollingBack":false,"isCompleted":false,"isSkipped":false,"hasFinalized":false,"hasSubtasks":false,"hasReset":false,"hasTitle":false,"isPrompt":false,"isPaused":false,"isPending":true,"isStarted":true,"hasFailed":false,"isEnabled":true,"isRetrying":false,"path":[null]}}
",
  "{"event":"MESSAGE","data":{"skip":"Skipped task without a title."},"task":{"hasRolledBack":false,"isRollingBack":false,"isCompleted":false,"isSkipped":false,"hasFinalized":false,"hasSubtasks":false,"hasReset":false,"hasTitle":false,"isPrompt":false,"isPaused":false,"isPending":true,"isStarted":true,"hasFailed":false,"isEnabled":true,"isRetrying":false,"path":[null]}}
",
  "{"event":"STATE","data":"SKIPPED","task":{"hasRolledBack":false,"isRollingBack":false,"isCompleted":false,"isSkipped":true,"hasFinalized":true,"hasSubtasks":false,"hasReset":false,"hasTitle":false,"isPrompt":false,"isPaused":false,"isPending":false,"isStarted":false,"hasFailed":false,"isEnabled":true,"isRetrying":false,"path":[null]}}
",
]
`;

exports[`skip a task should skip the task from internal call: xbUV7hvMZiVL4dEYDyiXKFhpTNo9ASiA-exit 1`] = `[]`;

exports[`skip a task should skip the task from internal call: xbUV7hvMZiVL4dEYDyiXKFhpTNo9ASiA-stderr 1`] = `[]`;

exports[`skip a task should skip the task from internal call: xbUV7hvMZiVL4dEYDyiXKFhpTNo9ASiA-stdout 1`] = `
[
  "{"event":"STATE","data":"STARTED","task":{"hasRolledBack":false,"isRollingBack":false,"isCompleted":false,"isSkipped":false,"hasFinalized":false,"hasSubtasks":false,"hasReset":false,"hasTitle":false,"isPrompt":false,"isPaused":false,"isPending":true,"isStarted":true,"hasFailed":false,"isEnabled":true,"isRetrying":false,"path":[null]}}
",
  "{"event":"STATE","data":"SKIPPED","task":{"hasRolledBack":false,"isRollingBack":false,"isCompleted":false,"isSkipped":true,"hasFinalized":true,"hasSubtasks":false,"hasReset":false,"hasTitle":false,"isPrompt":false,"isPaused":false,"isPending":false,"isStarted":false,"hasFailed":false,"isEnabled":true,"isRetrying":false,"path":[null]}}
",
  "{"event":"MESSAGE","data":{"skip":"skipped"},"task":{"hasRolledBack":false,"isRollingBack":false,"isCompleted":false,"isSkipped":true,"hasFinalized":true,"hasSubtasks":false,"hasReset":false,"hasTitle":false,"isPrompt":false,"isPaused":false,"isPending":false,"isStarted":false,"hasFailed":false,"isEnabled":true,"isRetrying":false,"path":[null]}}
",
]
`;

exports[`skip a task should skip the task from skip method: uOy7d3bwwmW4LXWPY3HDh4k25LDwa5RZ-exit 1`] = `[]`;

exports[`skip a task should skip the task from skip method: uOy7d3bwwmW4LXWPY3HDh4k25LDwa5RZ-stderr 1`] = `[]`;

exports[`skip a task should skip the task from skip method: uOy7d3bwwmW4LXWPY3HDh4k25LDwa5RZ-stdout 1`] = `
[
  "{"event":"STATE","data":"STARTED","task":{"hasRolledBack":false,"isRollingBack":false,"isCompleted":false,"isSkipped":false,"hasFinalized":false,"hasSubtasks":false,"hasReset":false,"hasTitle":false,"isPrompt":false,"isPaused":false,"isPending":true,"isStarted":true,"hasFailed":false,"isEnabled":true,"isRetrying":false,"path":[null]}}
",
  "{"event":"MESSAGE","data":{"skip":"skipped"},"task":{"hasRolledBack":false,"isRollingBack":false,"isCompleted":false,"isSkipped":false,"hasFinalized":false,"hasSubtasks":false,"hasReset":false,"hasTitle":false,"isPrompt":false,"isPaused":false,"isPending":true,"isStarted":true,"hasFailed":false,"isEnabled":true,"isRetrying":false,"path":[null]}}
",
  "{"event":"STATE","data":"SKIPPED","task":{"hasRolledBack":false,"isRollingBack":false,"isCompleted":false,"isSkipped":true,"hasFinalized":true,"hasSubtasks":false,"hasReset":false,"hasTitle":false,"isPrompt":false,"isPaused":false,"isPending":false,"isStarted":false,"hasFailed":false,"isEnabled":true,"isRetrying":false,"path":[null]}}
",
]
`;

exports[`skip a task skip to enable by context will not work properly in concurrent: WKhUc2IR0U5Hc7hKFuvFUq36ovxjyPy6-exit 1`] = `[]`;

exports[`skip a task skip to enable by context will not work properly in concurrent: WKhUc2IR0U5Hc7hKFuvFUq36ovxjyPy6-stderr 1`] = `[]`;

exports[`skip a task skip to enable by context will not work properly in concurrent: WKhUc2IR0U5Hc7hKFuvFUq36ovxjyPy6-stdout 1`] = `
[
  "{"event":"STATE","data":"STARTED","task":{"hasRolledBack":false,"isRollingBack":false,"isCompleted":false,"isSkipped":false,"hasFinalized":false,"hasSubtasks":false,"hasReset":false,"hasTitle":false,"isPrompt":false,"isPaused":false,"isPending":true,"isStarted":true,"hasFailed":false,"isEnabled":true,"isRetrying":false,"path":[null]}}
",
  "{"event":"STATE","data":"SKIPPED","task":{"hasRolledBack":false,"isRollingBack":false,"isCompleted":false,"isSkipped":true,"hasFinalized":true,"hasSubtasks":false,"hasReset":false,"hasTitle":false,"isPrompt":false,"isPaused":false,"isPending":false,"isStarted":false,"hasFailed":false,"isEnabled":true,"isRetrying":false,"path":[null]}}
",
  "{"event":"MESSAGE","data":{"skip":"skipped"},"task":{"hasRolledBack":false,"isRollingBack":false,"isCompleted":false,"isSkipped":true,"hasFinalized":true,"hasSubtasks":false,"hasReset":false,"hasTitle":false,"isPrompt":false,"isPaused":false,"isPending":false,"isStarted":false,"hasFailed":false,"isEnabled":true,"isRetrying":false,"path":[null]}}
",
]
`;

exports[`skip a task skip to enable by context will work properly in serial: CR5tEdrMVapfqwMjIa4nP1CgEYZu3tfc-exit 1`] = `[]`;

exports[`skip a task skip to enable by context will work properly in serial: CR5tEdrMVapfqwMjIa4nP1CgEYZu3tfc-stderr 1`] = `[]`;

exports[`skip a task skip to enable by context will work properly in serial: CR5tEdrMVapfqwMjIa4nP1CgEYZu3tfc-stdout 1`] = `
[
  "{"event":"STATE","data":"STARTED","task":{"hasRolledBack":false,"isRollingBack":false,"isCompleted":false,"isSkipped":false,"hasFinalized":false,"hasSubtasks":false,"hasReset":false,"hasTitle":false,"isPrompt":false,"isPaused":false,"isPending":true,"isStarted":true,"hasFailed":false,"isEnabled":true,"isRetrying":false,"path":[null]}}
",
  "{"event":"STATE","data":"SKIPPED","task":{"hasRolledBack":false,"isRollingBack":false,"isCompleted":false,"isSkipped":true,"hasFinalized":true,"hasSubtasks":false,"hasReset":false,"hasTitle":false,"isPrompt":false,"isPaused":false,"isPending":false,"isStarted":false,"hasFailed":false,"isEnabled":true,"isRetrying":false,"path":[null]}}
",
  "{"event":"MESSAGE","data":{"skip":"skipped"},"task":{"hasRolledBack":false,"isRollingBack":false,"isCompleted":false,"isSkipped":true,"hasFinalized":true,"hasSubtasks":false,"hasReset":false,"hasTitle":false,"isPrompt":false,"isPaused":false,"isPending":false,"isStarted":false,"hasFailed":false,"isEnabled":true,"isRetrying":false,"path":[null]}}
",
  "{"event":"STATE","data":"STARTED","task":{"hasRolledBack":false,"isRollingBack":false,"isCompleted":false,"isSkipped":false,"hasFinalized":false,"hasSubtasks":false,"hasReset":false,"hasTitle":false,"isPrompt":false,"isPaused":false,"isPending":true,"isStarted":true,"hasFailed":false,"isEnabled":true,"isRetrying":false,"path":[null]}}
",
  "{"event":"OUTPUT","data":"enabled","task":{"hasRolledBack":false,"isRollingBack":false,"isCompleted":false,"isSkipped":false,"hasFinalized":false,"hasSubtasks":false,"hasReset":false,"hasTitle":false,"isPrompt":false,"isPaused":false,"isPending":true,"isStarted":true,"hasFailed":false,"isEnabled":true,"isRetrying":false,"path":[null]}}
",
  "{"event":"STATE","data":"COMPLETED","task":{"hasRolledBack":false,"isRollingBack":false,"isCompleted":true,"isSkipped":false,"hasFinalized":true,"hasSubtasks":false,"hasReset":false,"hasTitle":false,"isPrompt":false,"isPaused":false,"isPending":false,"isStarted":false,"hasFailed":false,"isEnabled":true,"isRetrying":false,"path":[null]}}
",
]
`;
