// Jest Snapshot v1, https://jestjs.io/docs/snapshot-testing

exports[`task: title should change title on async function 1`] = `[]`;

exports[`task: title should change title on async function 2`] = `
[
  "{"event":"STATE","data":"STARTED","task":{"hasRolledBack":false,"isRollingBack":false,"isCompleted":false,"isSkipped":false,"hasFinalized":false,"hasSubtasks":false,"title":"test","hasReset":false,"hasTitle":true,"isPrompt":false,"isPaused":false,"isPending":true,"isStarted":true,"hasFailed":false,"isEnabled":true,"isRetrying":false,"path":["test"]}}
",
  "{"event":"TITLE","data":"changed","task":{"hasRolledBack":false,"isRollingBack":false,"isCompleted":false,"isSkipped":false,"hasFinalized":false,"hasSubtasks":false,"title":"changed","hasReset":false,"hasTitle":true,"isPrompt":false,"isPaused":false,"isPending":true,"isStarted":true,"hasFailed":false,"isEnabled":true,"isRetrying":false,"path":["test"]}}
",
  "{"event":"STATE","data":"COMPLETED","task":{"hasRolledBack":false,"isRollingBack":false,"isCompleted":true,"isSkipped":false,"hasFinalized":true,"hasSubtasks":false,"title":"changed","hasReset":false,"hasTitle":true,"isPrompt":false,"isPaused":false,"isPending":false,"isStarted":false,"hasFailed":false,"isEnabled":true,"isRetrying":false,"path":["test"]}}
",
]
`;

exports[`task: title should change title on async function 3`] = `[]`;

exports[`task: title should change title on function 1`] = `[]`;

exports[`task: title should change title on function 2`] = `
[
  "{"event":"STATE","data":"STARTED","task":{"hasRolledBack":false,"isRollingBack":false,"isCompleted":false,"isSkipped":false,"hasFinalized":false,"hasSubtasks":false,"title":"test","hasReset":false,"hasTitle":true,"isPrompt":false,"isPaused":false,"isPending":true,"isStarted":true,"hasFailed":false,"isEnabled":true,"isRetrying":false,"path":["test"]}}
",
  "{"event":"TITLE","data":"changed","task":{"hasRolledBack":false,"isRollingBack":false,"isCompleted":false,"isSkipped":false,"hasFinalized":false,"hasSubtasks":false,"title":"changed","hasReset":false,"hasTitle":true,"isPrompt":false,"isPaused":false,"isPending":true,"isStarted":true,"hasFailed":false,"isEnabled":true,"isRetrying":false,"path":["test"]}}
",
  "{"event":"STATE","data":"COMPLETED","task":{"hasRolledBack":false,"isRollingBack":false,"isCompleted":true,"isSkipped":false,"hasFinalized":true,"hasSubtasks":false,"title":"changed","hasReset":false,"hasTitle":true,"isPrompt":false,"isPaused":false,"isPending":false,"isStarted":false,"hasFailed":false,"isEnabled":true,"isRetrying":false,"path":["test"]}}
",
]
`;

exports[`task: title should change title on function 3`] = `[]`;
