// Jest Snapshot v1, https://jestjs.io/docs/snapshot-testing

exports[`default renderer: error handling should change exit on error per subtask: HUHzWgxW8O1FGgEisITyBb2eDKzmyhUO-exit 1`] = `[]`;

exports[`default renderer: error handling should change exit on error per subtask: HUHzWgxW8O1FGgEisITyBb2eDKzmyhUO-stderr 1`] = `[]`;

exports[`default renderer: error handling should change exit on error per subtask: HUHzWgxW8O1FGgEisITyBb2eDKzmyhUO-stdout 1`] = `
[
  "[?25l",
  "‚óº This task will execute and not quit on errors.
",
  "[2K[1A[2K[G‚óº This task will execute and not quit on errors.
‚óº This task will execute.
",
  "[2K[1A[2K[1A[2K[G‚ùØ This task will execute and not quit on errors.
‚óº This task will execute.
",
  "[2K[1A[2K[1A[2K[G‚ùØ This task will execute and not quit on errors.
  ‚óº This is a subtask.
‚óº This task will execute.
",
  "[2K[1A[2K[1A[2K[1A[2K[G‚ùØ This task will execute and not quit on errors.
  ‚óº This is a subtask.
  ‚óº This is an another subtask.
‚óº This task will execute.
",
  "[2K[1A[2K[1A[2K[1A[2K[1A[2K[G‚ùØ This task will execute and not quit on errors.
  ‚óº This is a subtask.
  ‚óº This is an another subtask.
  ‚óº This is yet an another subtask.
‚óº This task will execute.
",
  "[2K[1A[2K[1A[2K[1A[2K[1A[2K[1A[2K[G‚ùØ This task will execute and not quit on errors.
  ‚ùØ This is a subtask.
  ‚óº This is an another subtask.
  ‚óº This is yet an another subtask.
‚óº This task will execute.
",
  "[2K[1A[2K[1A[2K[1A[2K[1A[2K[1A[2K[G‚ùØ This task will execute and not quit on errors.
  ‚úñ This is a subtask.
  ‚óº This is an another subtask.
  ‚óº This is yet an another subtask.
‚óº This task will execute.
",
  "[2K[1A[2K[1A[2K[1A[2K[1A[2K[1A[2K[G‚ùØ This task will execute and not quit on errors.
  ‚úñ I have failed [0]
  ‚óº This is an another subtask.
  ‚óº This is yet an another subtask.
‚óº This task will execute.
",
  "[2K[1A[2K[1A[2K[1A[2K[1A[2K[1A[2K[G‚ùØ This task will execute and not quit on errors.
  ‚úñ I have failed [0]
  ‚ùØ This is an another subtask.
  ‚óº This is yet an another subtask.
‚óº This task will execute.
",
  "[2K[1A[2K[1A[2K[1A[2K[1A[2K[1A[2K[G‚ùØ This task will execute and not quit on errors.
  ‚úñ I have failed [0]
  ‚úñ This is an another subtask.
  ‚óº This is yet an another subtask.
‚óº This task will execute.
",
  "[2K[1A[2K[1A[2K[1A[2K[1A[2K[1A[2K[G‚ùØ This task will execute and not quit on errors.
  ‚úñ I have failed [0]
  ‚úñ I have failed [1]
  ‚óº This is yet an another subtask.
‚óº This task will execute.
",
  "[2K[1A[2K[1A[2K[1A[2K[1A[2K[1A[2K[G‚ùØ This task will execute and not quit on errors.
  ‚úñ I have failed [0]
  ‚úñ I have failed [1]
  ‚ùØ This is yet an another subtask.
‚óº This task will execute.
",
  "[2K[1A[2K[1A[2K[1A[2K[1A[2K[1A[2K[G‚ùØ This task will execute and not quit on errors.
  ‚úñ I have failed [0]
  ‚úñ I have failed [1]
  ‚ùØ I have succeeded.
‚óº This task will execute.
",
  "[2K[1A[2K[1A[2K[1A[2K[1A[2K[1A[2K[G‚ùØ This task will execute and not quit on errors.
  ‚úñ I have failed [0]
  ‚úñ I have failed [1]
  ‚úî I have succeeded.
‚óº This task will execute.
",
  "[2K[1A[2K[1A[2K[1A[2K[1A[2K[1A[2K[G‚ö† This task will execute and not quit on errors.
  ‚úñ I have failed [0]
  ‚úñ I have failed [1]
  ‚úî I have succeeded.
‚óº This task will execute.
",
  "[2K[1A[2K[1A[2K[1A[2K[1A[2K[1A[2K[G‚ö† This task will execute and not quit on errors.
  ‚úñ I have failed [0]
  ‚úñ I have failed [1]
  ‚úî I have succeeded.
‚ùØ This task will execute.
",
  "[2K[1A[2K[1A[2K[1A[2K[1A[2K[1A[2K[G‚ö† This task will execute and not quit on errors.
  ‚úñ I have failed [0]
  ‚úñ I have failed [1]
  ‚úî I have succeeded.
‚úñ This task will execute.
",
  "[2K[1A[2K[1A[2K[1A[2K[1A[2K[1A[2K[G‚ö† This task will execute and not quit on errors.
  ‚úñ I have failed [0]
  ‚úñ I have failed [1]
  ‚úî I have succeeded.
‚úñ I will exit on error since I am a direct child of parent task.
",
  "[2K[1A[2K[1A[2K[1A[2K[1A[2K[1A[2K[G",
  "‚ö† This task will execute and not quit on errors.
  ‚úñ I have failed [0]
  ‚úñ I have failed [1]
  ‚úî I have succeeded.
‚úñ I will exit on error since I am a direct child of parent task.
",
  "[?25h",
]
`;

exports[`default renderer: error handling should contain errors from failed tasks: H2KTg7q5F1kWMtrPFdOERVSZc3UT2IsM 1`] = `
[
  [ListrError: I have failed [0]],
  [ListrError: I have failed [1]],
  [ListrError: I will exit on error since I am a direct child of parent task.],
]
`;

exports[`default renderer: error handling should disable exitOnError from task level while: false: Y9ADBbD3GX6P6HIKGTdeHybvNK4OPw37-exit 1`] = `[]`;

exports[`default renderer: error handling should disable exitOnError from task level while: false: Y9ADBbD3GX6P6HIKGTdeHybvNK4OPw37-stderr 1`] = `[]`;

exports[`default renderer: error handling should disable exitOnError from task level while: false: Y9ADBbD3GX6P6HIKGTdeHybvNK4OPw37-stdout 1`] = `
[
  "[?25l",
  "‚óº This task will fail.
",
  "[2K[1A[2K[G‚óº This task will fail.
‚óº This task will maybe execute.
",
  "[2K[1A[2K[1A[2K[G‚ùØ This task will fail.
‚óº This task will maybe execute.
",
  "[2K[1A[2K[1A[2K[G‚úñ This task will fail.
‚óº This task will maybe execute.
",
  "[2K[1A[2K[1A[2K[G‚úñ This task failed after 2 seconds.
‚óº This task will maybe execute.
",
  "[2K[1A[2K[1A[2K[G‚úñ This task failed after 2 seconds.
‚óº I will change my title if this executes.
",
  "[2K[1A[2K[1A[2K[G‚úñ This task failed after 2 seconds.
‚úî I will change my title if this executes.
",
  "[2K[1A[2K[1A[2K[G",
  "‚úñ This task failed after 2 seconds.
‚úî I will change my title if this executes.
",
  "[?25h",
]
`;

exports[`default renderer: error handling should disable exitOnError from task level while: true: Y9ADBbD3GX6P6HIKGTdeHybvNK4OPw37-exit 1`] = `[]`;

exports[`default renderer: error handling should disable exitOnError from task level while: true: Y9ADBbD3GX6P6HIKGTdeHybvNK4OPw37-stderr 1`] = `[]`;

exports[`default renderer: error handling should disable exitOnError from task level while: true: Y9ADBbD3GX6P6HIKGTdeHybvNK4OPw37-stdout 1`] = `
[
  "[?25l",
  "‚óº This task will fail.
",
  "[2K[1A[2K[G‚óº This task will fail.
‚óº This task will maybe execute.
",
  "[2K[1A[2K[1A[2K[G‚ùØ This task will fail.
‚óº This task will maybe execute.
",
  "[2K[1A[2K[1A[2K[G‚úñ This task will fail.
‚óº This task will maybe execute.
",
  "[2K[1A[2K[1A[2K[G‚úñ This task failed after 2 seconds.
‚óº This task will maybe execute.
",
  "[2K[1A[2K[1A[2K[G",
  "‚úñ This task failed after 2 seconds.
‚óº This task will maybe execute.
",
  "[?25h",
]
`;

exports[`default renderer: error handling should not throw out an error when exitonerror is disabled: OgQG0pbo8qgn5ZD8TLdlzM3HnnnYoozl-exit 1`] = `[]`;

exports[`default renderer: error handling should not throw out an error when exitonerror is disabled: OgQG0pbo8qgn5ZD8TLdlzM3HnnnYoozl-stderr 1`] = `[]`;

exports[`default renderer: error handling should not throw out an error when exitonerror is disabled: OgQG0pbo8qgn5ZD8TLdlzM3HnnnYoozl-stdout 1`] = `
[
  "[?25l",
  "‚óº This task will fail.
",
  "[2K[1A[2K[G‚óº This task will fail.
‚óº This task will execute.
",
  "[2K[1A[2K[1A[2K[G‚ùØ This task will fail.
‚óº This task will execute.
",
  "[2K[1A[2K[1A[2K[G‚úñ This task will fail.
‚óº This task will execute.
",
  "[2K[1A[2K[1A[2K[G‚úñ This task failed after 2 seconds.
‚óº This task will execute.
",
  "[2K[1A[2K[1A[2K[G‚úñ This task failed after 2 seconds.
‚ùØ This task will execute.
",
  "[2K[1A[2K[1A[2K[G‚úñ This task failed after 2 seconds.
‚ùØ I will change my title if this executes.
",
  "[2K[1A[2K[1A[2K[G‚úñ This task failed after 2 seconds.
‚úî I will change my title if this executes.
",
  "[2K[1A[2K[1A[2K[G",
  "‚úñ This task failed after 2 seconds.
‚úî I will change my title if this executes.
",
  "[?25h",
]
`;

exports[`default renderer: error handling should throw out an error: vxSr6uKuGeO4iX7r2j2Uo9SYlXRhz6nf-exit 1`] = `[]`;

exports[`default renderer: error handling should throw out an error: vxSr6uKuGeO4iX7r2j2Uo9SYlXRhz6nf-stderr 1`] = `[]`;

exports[`default renderer: error handling should throw out an error: vxSr6uKuGeO4iX7r2j2Uo9SYlXRhz6nf-stdout 1`] = `
[
  "[?25l",
  "‚óº This task will fail.
",
  "[2K[1A[2K[G‚óº This task will fail.
‚óº This task will never execute.
",
  "[2K[1A[2K[1A[2K[G‚ùØ This task will fail.
‚óº This task will never execute.
",
  "[2K[1A[2K[1A[2K[G‚úñ This task will fail.
‚óº This task will never execute.
",
  "[2K[1A[2K[1A[2K[G‚úñ This task failed after 2 seconds.
‚óº This task will never execute.
",
  "[2K[1A[2K[1A[2K[G",
  "‚úñ This task failed after 2 seconds.
‚óº This task will never execute.
",
  "[?25h",
]
`;

exports[`simple renderer: error handling should change exit on error per subtask: HUHzWgxW8O1FGgEisITyBb2eDKzmyhUO-exit 1`] = `[]`;

exports[`simple renderer: error handling should change exit on error per subtask: HUHzWgxW8O1FGgEisITyBb2eDKzmyhUO-stderr 1`] = `
[
  "‚úñ This is a subtask. [FAILED: I have failed [0]]
",
  "‚úñ This is an another subtask. [FAILED: I have failed [1]]
",
  "‚úñ This task will execute. [FAILED: I will exit on error since I am a direct child of parent task.]
",
]
`;

exports[`simple renderer: error handling should change exit on error per subtask: HUHzWgxW8O1FGgEisITyBb2eDKzmyhUO-stdout 1`] = `
[
  "‚ùØ This task will execute and not quit on errors.
",
  "‚ùØ This is a subtask.
",
  "‚ùØ This is an another subtask.
",
  "‚ùØ This is yet an another subtask.
",
  "‚úî I have succeeded.
",
  "‚úî This task will execute and not quit on errors.
",
  "‚ùØ This task will execute.
",
]
`;

exports[`simple renderer: error handling should contain errors from failed tasks: H2KTg7q5F1kWMtrPFdOERVSZc3UT2IsM 1`] = `
[
  [ListrError: I have failed [0]],
  [ListrError: I have failed [1]],
  [ListrError: I will exit on error since I am a direct child of parent task.],
]
`;

exports[`simple renderer: error handling should disable exitOnError from task level while: false: Y9ADBbD3GX6P6HIKGTdeHybvNK4OPw37-exit 1`] = `[]`;

exports[`simple renderer: error handling should disable exitOnError from task level while: false: Y9ADBbD3GX6P6HIKGTdeHybvNK4OPw37-stderr 1`] = `
[
  "‚úñ This task will fail. [FAILED: This task failed after 2 seconds.]
",
]
`;

exports[`simple renderer: error handling should disable exitOnError from task level while: false: Y9ADBbD3GX6P6HIKGTdeHybvNK4OPw37-stdout 1`] = `
[
  "‚ùØ This task will fail.
",
  "‚ùØ This task will maybe execute.
",
  "‚úî I will change my title if this executes.
",
]
`;

exports[`simple renderer: error handling should disable exitOnError from task level while: true: Y9ADBbD3GX6P6HIKGTdeHybvNK4OPw37-exit 1`] = `[]`;

exports[`simple renderer: error handling should disable exitOnError from task level while: true: Y9ADBbD3GX6P6HIKGTdeHybvNK4OPw37-stderr 1`] = `
[
  "‚úñ This task will fail. [FAILED: This task failed after 2 seconds.]
",
]
`;

exports[`simple renderer: error handling should disable exitOnError from task level while: true: Y9ADBbD3GX6P6HIKGTdeHybvNK4OPw37-stdout 1`] = `
[
  "‚ùØ This task will fail.
",
]
`;

exports[`simple renderer: error handling should not throw out an error when exitonerror is disabled: OgQG0pbo8qgn5ZD8TLdlzM3HnnnYoozl-exit 1`] = `[]`;

exports[`simple renderer: error handling should not throw out an error when exitonerror is disabled: OgQG0pbo8qgn5ZD8TLdlzM3HnnnYoozl-stderr 1`] = `
[
  "‚úñ This task will fail. [FAILED: This task failed after 2 seconds.]
",
]
`;

exports[`simple renderer: error handling should not throw out an error when exitonerror is disabled: OgQG0pbo8qgn5ZD8TLdlzM3HnnnYoozl-stdout 1`] = `
[
  "‚ùØ This task will fail.
",
  "‚ùØ This task will execute.
",
  "‚úî I will change my title if this executes.
",
]
`;

exports[`simple renderer: error handling should throw out an error: vxSr6uKuGeO4iX7r2j2Uo9SYlXRhz6nf-exit 1`] = `[]`;

exports[`simple renderer: error handling should throw out an error: vxSr6uKuGeO4iX7r2j2Uo9SYlXRhz6nf-stderr 1`] = `
[
  "‚úñ This task will fail. [FAILED: This task failed after 2 seconds.]
",
]
`;

exports[`simple renderer: error handling should throw out an error: vxSr6uKuGeO4iX7r2j2Uo9SYlXRhz6nf-stdout 1`] = `
[
  "‚ùØ This task will fail.
",
]
`;

exports[`test renderer: error handling should change exit on error per subtask: HUHzWgxW8O1FGgEisITyBb2eDKzmyhUO-exit 1`] = `[]`;

exports[`test renderer: error handling should change exit on error per subtask: HUHzWgxW8O1FGgEisITyBb2eDKzmyhUO-stderr 1`] = `
[
  "{"event":"MESSAGE","data":{"error":"I have failed [0]"},"task":{"hasRolledBack":false,"isRollingBack":false,"isCompleted":false,"isSkipped":false,"hasFinalized":true,"hasSubtasks":false,"title":"This is a subtask.","hasReset":false,"hasTitle":true,"isPrompt":false,"isPaused":false,"isPending":false,"isStarted":false,"hasFailed":true,"isEnabled":true,"isRetrying":false,"path":["This task will execute and not quit on errors.","This is a subtask."]}}
",
  "{"event":"MESSAGE","data":{"error":"I have failed [1]"},"task":{"hasRolledBack":false,"isRollingBack":false,"isCompleted":false,"isSkipped":false,"hasFinalized":true,"hasSubtasks":false,"title":"This is an another subtask.","hasReset":false,"hasTitle":true,"isPrompt":false,"isPaused":false,"isPending":false,"isStarted":false,"hasFailed":true,"isEnabled":true,"isRetrying":false,"path":["This task will execute and not quit on errors.","This is an another subtask."]}}
",
  "{"event":"MESSAGE","data":{"error":"I will exit on error since I am a direct child of parent task."},"task":{"hasRolledBack":false,"isRollingBack":false,"isCompleted":false,"isSkipped":false,"hasFinalized":true,"hasSubtasks":false,"title":"This task will execute.","hasReset":false,"hasTitle":true,"isPrompt":false,"isPaused":false,"isPending":false,"isStarted":false,"hasFailed":true,"isEnabled":true,"isRetrying":false,"path":["This task will execute."]}}
",
]
`;

exports[`test renderer: error handling should change exit on error per subtask: HUHzWgxW8O1FGgEisITyBb2eDKzmyhUO-stdout 1`] = `
[
  "{"event":"STATE","data":"STARTED","task":{"hasRolledBack":false,"isRollingBack":false,"isCompleted":false,"isSkipped":false,"hasFinalized":false,"hasSubtasks":false,"title":"This task will execute and not quit on errors.","hasReset":false,"hasTitle":true,"isPrompt":false,"isPaused":false,"isPending":true,"isStarted":true,"hasFailed":false,"isEnabled":true,"isRetrying":false,"path":["This task will execute and not quit on errors."]}}
",
  "{"event":"STATE","data":"STARTED","task":{"hasRolledBack":false,"isRollingBack":false,"isCompleted":false,"isSkipped":false,"hasFinalized":false,"hasSubtasks":false,"title":"This is a subtask.","hasReset":false,"hasTitle":true,"isPrompt":false,"isPaused":false,"isPending":true,"isStarted":true,"hasFailed":false,"isEnabled":true,"isRetrying":false,"path":["This task will execute and not quit on errors.","This is a subtask."]}}
",
  "{"event":"STATE","data":"FAILED","task":{"hasRolledBack":false,"isRollingBack":false,"isCompleted":false,"isSkipped":false,"hasFinalized":true,"hasSubtasks":false,"title":"This is a subtask.","hasReset":false,"hasTitle":true,"isPrompt":false,"isPaused":false,"isPending":false,"isStarted":false,"hasFailed":true,"isEnabled":true,"isRetrying":false,"path":["This task will execute and not quit on errors.","This is a subtask."]}}
",
  "{"event":"STATE","data":"STARTED","task":{"hasRolledBack":false,"isRollingBack":false,"isCompleted":false,"isSkipped":false,"hasFinalized":false,"hasSubtasks":false,"title":"This is an another subtask.","hasReset":false,"hasTitle":true,"isPrompt":false,"isPaused":false,"isPending":true,"isStarted":true,"hasFailed":false,"isEnabled":true,"isRetrying":false,"path":["This task will execute and not quit on errors.","This is an another subtask."]}}
",
  "{"event":"STATE","data":"FAILED","task":{"hasRolledBack":false,"isRollingBack":false,"isCompleted":false,"isSkipped":false,"hasFinalized":true,"hasSubtasks":false,"title":"This is an another subtask.","hasReset":false,"hasTitle":true,"isPrompt":false,"isPaused":false,"isPending":false,"isStarted":false,"hasFailed":true,"isEnabled":true,"isRetrying":false,"path":["This task will execute and not quit on errors.","This is an another subtask."]}}
",
  "{"event":"STATE","data":"STARTED","task":{"hasRolledBack":false,"isRollingBack":false,"isCompleted":false,"isSkipped":false,"hasFinalized":false,"hasSubtasks":false,"title":"This is yet an another subtask.","hasReset":false,"hasTitle":true,"isPrompt":false,"isPaused":false,"isPending":true,"isStarted":true,"hasFailed":false,"isEnabled":true,"isRetrying":false,"path":["This task will execute and not quit on errors.","This is yet an another subtask."]}}
",
  "{"event":"TITLE","data":"I have succeeded.","task":{"hasRolledBack":false,"isRollingBack":false,"isCompleted":false,"isSkipped":false,"hasFinalized":false,"hasSubtasks":false,"title":"I have succeeded.","hasReset":false,"hasTitle":true,"isPrompt":false,"isPaused":false,"isPending":true,"isStarted":true,"hasFailed":false,"isEnabled":true,"isRetrying":false,"path":["This task will execute and not quit on errors.","This is yet an another subtask."]}}
",
  "{"event":"STATE","data":"COMPLETED","task":{"hasRolledBack":false,"isRollingBack":false,"isCompleted":true,"isSkipped":false,"hasFinalized":true,"hasSubtasks":false,"title":"I have succeeded.","hasReset":false,"hasTitle":true,"isPrompt":false,"isPaused":false,"isPending":false,"isStarted":false,"hasFailed":false,"isEnabled":true,"isRetrying":false,"path":["This task will execute and not quit on errors.","This is yet an another subtask."]}}
",
  "{"event":"STATE","data":"COMPLETED","task":{"hasRolledBack":false,"isRollingBack":false,"isCompleted":true,"isSkipped":false,"hasFinalized":true,"hasSubtasks":true,"title":"This task will execute and not quit on errors.","hasReset":false,"hasTitle":true,"isPrompt":false,"isPaused":false,"isPending":false,"isStarted":false,"hasFailed":false,"isEnabled":true,"isRetrying":false,"path":["This task will execute and not quit on errors."]}}
",
  "{"event":"STATE","data":"STARTED","task":{"hasRolledBack":false,"isRollingBack":false,"isCompleted":false,"isSkipped":false,"hasFinalized":false,"hasSubtasks":false,"title":"This task will execute.","hasReset":false,"hasTitle":true,"isPrompt":false,"isPaused":false,"isPending":true,"isStarted":true,"hasFailed":false,"isEnabled":true,"isRetrying":false,"path":["This task will execute."]}}
",
  "{"event":"STATE","data":"FAILED","task":{"hasRolledBack":false,"isRollingBack":false,"isCompleted":false,"isSkipped":false,"hasFinalized":true,"hasSubtasks":false,"title":"This task will execute.","hasReset":false,"hasTitle":true,"isPrompt":false,"isPaused":false,"isPending":false,"isStarted":false,"hasFailed":true,"isEnabled":true,"isRetrying":false,"path":["This task will execute."]}}
",
]
`;

exports[`test renderer: error handling should contain errors from failed tasks: H2KTg7q5F1kWMtrPFdOERVSZc3UT2IsM 1`] = `
[
  [ListrError: I have failed [0]],
  [ListrError: I have failed [1]],
  [ListrError: I will exit on error since I am a direct child of parent task.],
]
`;

exports[`test renderer: error handling should disable exitOnError from task level while: false: Y9ADBbD3GX6P6HIKGTdeHybvNK4OPw37-exit 1`] = `[]`;

exports[`test renderer: error handling should disable exitOnError from task level while: false: Y9ADBbD3GX6P6HIKGTdeHybvNK4OPw37-stderr 1`] = `
[
  "{"event":"MESSAGE","data":{"error":"This task failed after 2 seconds."},"task":{"hasRolledBack":false,"isRollingBack":false,"isCompleted":false,"isSkipped":false,"hasFinalized":true,"hasSubtasks":false,"title":"This task will fail.","hasReset":false,"hasTitle":true,"isPrompt":false,"isPaused":false,"isPending":false,"isStarted":false,"hasFailed":true,"isEnabled":true,"isRetrying":false,"path":["This task will fail."]}}
",
]
`;

exports[`test renderer: error handling should disable exitOnError from task level while: false: Y9ADBbD3GX6P6HIKGTdeHybvNK4OPw37-stdout 1`] = `
[
  "{"event":"STATE","data":"STARTED","task":{"hasRolledBack":false,"isRollingBack":false,"isCompleted":false,"isSkipped":false,"hasFinalized":false,"hasSubtasks":false,"title":"This task will fail.","hasReset":false,"hasTitle":true,"isPrompt":false,"isPaused":false,"isPending":true,"isStarted":true,"hasFailed":false,"isEnabled":true,"isRetrying":false,"path":["This task will fail."]}}
",
  "{"event":"STATE","data":"FAILED","task":{"hasRolledBack":false,"isRollingBack":false,"isCompleted":false,"isSkipped":false,"hasFinalized":true,"hasSubtasks":false,"title":"This task will fail.","hasReset":false,"hasTitle":true,"isPrompt":false,"isPaused":false,"isPending":false,"isStarted":false,"hasFailed":true,"isEnabled":true,"isRetrying":false,"path":["This task will fail."]}}
",
  "{"event":"STATE","data":"STARTED","task":{"hasRolledBack":false,"isRollingBack":false,"isCompleted":false,"isSkipped":false,"hasFinalized":false,"hasSubtasks":false,"title":"This task will maybe execute.","hasReset":false,"hasTitle":true,"isPrompt":false,"isPaused":false,"isPending":true,"isStarted":true,"hasFailed":false,"isEnabled":true,"isRetrying":false,"path":["This task will maybe execute."]}}
",
  "{"event":"TITLE","data":"I will change my title if this executes.","task":{"hasRolledBack":false,"isRollingBack":false,"isCompleted":false,"isSkipped":false,"hasFinalized":false,"hasSubtasks":false,"title":"I will change my title if this executes.","hasReset":false,"hasTitle":true,"isPrompt":false,"isPaused":false,"isPending":true,"isStarted":true,"hasFailed":false,"isEnabled":true,"isRetrying":false,"path":["This task will maybe execute."]}}
",
  "{"event":"STATE","data":"COMPLETED","task":{"hasRolledBack":false,"isRollingBack":false,"isCompleted":true,"isSkipped":false,"hasFinalized":true,"hasSubtasks":false,"title":"I will change my title if this executes.","hasReset":false,"hasTitle":true,"isPrompt":false,"isPaused":false,"isPending":false,"isStarted":false,"hasFailed":false,"isEnabled":true,"isRetrying":false,"path":["This task will maybe execute."]}}
",
]
`;

exports[`test renderer: error handling should disable exitOnError from task level while: true: Y9ADBbD3GX6P6HIKGTdeHybvNK4OPw37-exit 1`] = `[]`;

exports[`test renderer: error handling should disable exitOnError from task level while: true: Y9ADBbD3GX6P6HIKGTdeHybvNK4OPw37-stderr 1`] = `
[
  "{"event":"MESSAGE","data":{"error":"This task failed after 2 seconds."},"task":{"hasRolledBack":false,"isRollingBack":false,"isCompleted":false,"isSkipped":false,"hasFinalized":true,"hasSubtasks":false,"title":"This task will fail.","hasReset":false,"hasTitle":true,"isPrompt":false,"isPaused":false,"isPending":false,"isStarted":false,"hasFailed":true,"isEnabled":true,"isRetrying":false,"path":["This task will fail."]}}
",
]
`;

exports[`test renderer: error handling should disable exitOnError from task level while: true: Y9ADBbD3GX6P6HIKGTdeHybvNK4OPw37-stdout 1`] = `
[
  "{"event":"STATE","data":"STARTED","task":{"hasRolledBack":false,"isRollingBack":false,"isCompleted":false,"isSkipped":false,"hasFinalized":false,"hasSubtasks":false,"title":"This task will fail.","hasReset":false,"hasTitle":true,"isPrompt":false,"isPaused":false,"isPending":true,"isStarted":true,"hasFailed":false,"isEnabled":true,"isRetrying":false,"path":["This task will fail."]}}
",
  "{"event":"STATE","data":"FAILED","task":{"hasRolledBack":false,"isRollingBack":false,"isCompleted":false,"isSkipped":false,"hasFinalized":true,"hasSubtasks":false,"title":"This task will fail.","hasReset":false,"hasTitle":true,"isPrompt":false,"isPaused":false,"isPending":false,"isStarted":false,"hasFailed":true,"isEnabled":true,"isRetrying":false,"path":["This task will fail."]}}
",
]
`;

exports[`test renderer: error handling should not throw out an error when exitonerror is disabled: OgQG0pbo8qgn5ZD8TLdlzM3HnnnYoozl-exit 1`] = `[]`;

exports[`test renderer: error handling should not throw out an error when exitonerror is disabled: OgQG0pbo8qgn5ZD8TLdlzM3HnnnYoozl-stderr 1`] = `
[
  "{"event":"MESSAGE","data":{"error":"This task failed after 2 seconds."},"task":{"hasRolledBack":false,"isRollingBack":false,"isCompleted":false,"isSkipped":false,"hasFinalized":true,"hasSubtasks":false,"title":"This task will fail.","hasReset":false,"hasTitle":true,"isPrompt":false,"isPaused":false,"isPending":false,"isStarted":false,"hasFailed":true,"isEnabled":true,"isRetrying":false,"path":["This task will fail."]}}
",
]
`;

exports[`test renderer: error handling should not throw out an error when exitonerror is disabled: OgQG0pbo8qgn5ZD8TLdlzM3HnnnYoozl-stdout 1`] = `
[
  "{"event":"STATE","data":"STARTED","task":{"hasRolledBack":false,"isRollingBack":false,"isCompleted":false,"isSkipped":false,"hasFinalized":false,"hasSubtasks":false,"title":"This task will fail.","hasReset":false,"hasTitle":true,"isPrompt":false,"isPaused":false,"isPending":true,"isStarted":true,"hasFailed":false,"isEnabled":true,"isRetrying":false,"path":["This task will fail."]}}
",
  "{"event":"STATE","data":"FAILED","task":{"hasRolledBack":false,"isRollingBack":false,"isCompleted":false,"isSkipped":false,"hasFinalized":true,"hasSubtasks":false,"title":"This task will fail.","hasReset":false,"hasTitle":true,"isPrompt":false,"isPaused":false,"isPending":false,"isStarted":false,"hasFailed":true,"isEnabled":true,"isRetrying":false,"path":["This task will fail."]}}
",
  "{"event":"STATE","data":"STARTED","task":{"hasRolledBack":false,"isRollingBack":false,"isCompleted":false,"isSkipped":false,"hasFinalized":false,"hasSubtasks":false,"title":"This task will execute.","hasReset":false,"hasTitle":true,"isPrompt":false,"isPaused":false,"isPending":true,"isStarted":true,"hasFailed":false,"isEnabled":true,"isRetrying":false,"path":["This task will execute."]}}
",
  "{"event":"TITLE","data":"I will change my title if this executes.","task":{"hasRolledBack":false,"isRollingBack":false,"isCompleted":false,"isSkipped":false,"hasFinalized":false,"hasSubtasks":false,"title":"I will change my title if this executes.","hasReset":false,"hasTitle":true,"isPrompt":false,"isPaused":false,"isPending":true,"isStarted":true,"hasFailed":false,"isEnabled":true,"isRetrying":false,"path":["This task will execute."]}}
",
  "{"event":"STATE","data":"COMPLETED","task":{"hasRolledBack":false,"isRollingBack":false,"isCompleted":true,"isSkipped":false,"hasFinalized":true,"hasSubtasks":false,"title":"I will change my title if this executes.","hasReset":false,"hasTitle":true,"isPrompt":false,"isPaused":false,"isPending":false,"isStarted":false,"hasFailed":false,"isEnabled":true,"isRetrying":false,"path":["This task will execute."]}}
",
]
`;

exports[`test renderer: error handling should throw out an error: vxSr6uKuGeO4iX7r2j2Uo9SYlXRhz6nf-exit 1`] = `[]`;

exports[`test renderer: error handling should throw out an error: vxSr6uKuGeO4iX7r2j2Uo9SYlXRhz6nf-stderr 1`] = `
[
  "{"event":"MESSAGE","data":{"error":"This task failed after 2 seconds."},"task":{"hasRolledBack":false,"isRollingBack":false,"isCompleted":false,"isSkipped":false,"hasFinalized":true,"hasSubtasks":false,"title":"This task will fail.","hasReset":false,"hasTitle":true,"isPrompt":false,"isPaused":false,"isPending":false,"isStarted":false,"hasFailed":true,"isEnabled":true,"isRetrying":false,"path":["This task will fail."]}}
",
]
`;

exports[`test renderer: error handling should throw out an error: vxSr6uKuGeO4iX7r2j2Uo9SYlXRhz6nf-stdout 1`] = `
[
  "{"event":"STATE","data":"STARTED","task":{"hasRolledBack":false,"isRollingBack":false,"isCompleted":false,"isSkipped":false,"hasFinalized":false,"hasSubtasks":false,"title":"This task will fail.","hasReset":false,"hasTitle":true,"isPrompt":false,"isPaused":false,"isPending":true,"isStarted":true,"hasFailed":false,"isEnabled":true,"isRetrying":false,"path":["This task will fail."]}}
",
  "{"event":"STATE","data":"FAILED","task":{"hasRolledBack":false,"isRollingBack":false,"isCompleted":false,"isSkipped":false,"hasFinalized":true,"hasSubtasks":false,"title":"This task will fail.","hasReset":false,"hasTitle":true,"isPrompt":false,"isPaused":false,"isPending":false,"isStarted":false,"hasFailed":true,"isEnabled":true,"isRetrying":false,"path":["This task will fail."]}}
",
]
`;

exports[`verbose renderer: error handling should change exit on error per subtask: HUHzWgxW8O1FGgEisITyBb2eDKzmyhUO-exit 1`] = `[]`;

exports[`verbose renderer: error handling should change exit on error per subtask: HUHzWgxW8O1FGgEisITyBb2eDKzmyhUO-stderr 1`] = `
[
  "[FAILED] I have failed [0]
",
  "[FAILED] I have failed [1]
",
  "[FAILED] I will exit on error since I am a direct child of parent task.
",
]
`;

exports[`verbose renderer: error handling should change exit on error per subtask: HUHzWgxW8O1FGgEisITyBb2eDKzmyhUO-stdout 1`] = `
[
  "[STARTED] This task will execute and not quit on errors.
",
  "[STARTED] This is a subtask.
",
  "[STARTED] This is an another subtask.
",
  "[STARTED] This is yet an another subtask.
",
  "[TITLE] I have succeeded.
",
  "[COMPLETED] I have succeeded.
",
  "[COMPLETED] This task will execute and not quit on errors.
",
  "[STARTED] This task will execute.
",
]
`;

exports[`verbose renderer: error handling should contain errors from failed tasks: H2KTg7q5F1kWMtrPFdOERVSZc3UT2IsM 1`] = `
[
  [ListrError: I have failed [0]],
  [ListrError: I have failed [1]],
  [ListrError: I will exit on error since I am a direct child of parent task.],
]
`;

exports[`verbose renderer: error handling should disable exitOnError from task level while: false: Y9ADBbD3GX6P6HIKGTdeHybvNK4OPw37-exit 1`] = `[]`;

exports[`verbose renderer: error handling should disable exitOnError from task level while: false: Y9ADBbD3GX6P6HIKGTdeHybvNK4OPw37-stderr 1`] = `
[
  "[FAILED] This task failed after 2 seconds.
",
]
`;

exports[`verbose renderer: error handling should disable exitOnError from task level while: false: Y9ADBbD3GX6P6HIKGTdeHybvNK4OPw37-stdout 1`] = `
[
  "[STARTED] This task will fail.
",
  "[STARTED] This task will maybe execute.
",
  "[TITLE] I will change my title if this executes.
",
  "[COMPLETED] I will change my title if this executes.
",
]
`;

exports[`verbose renderer: error handling should disable exitOnError from task level while: true: Y9ADBbD3GX6P6HIKGTdeHybvNK4OPw37-exit 1`] = `[]`;

exports[`verbose renderer: error handling should disable exitOnError from task level while: true: Y9ADBbD3GX6P6HIKGTdeHybvNK4OPw37-stderr 1`] = `
[
  "[FAILED] This task failed after 2 seconds.
",
]
`;

exports[`verbose renderer: error handling should disable exitOnError from task level while: true: Y9ADBbD3GX6P6HIKGTdeHybvNK4OPw37-stdout 1`] = `
[
  "[STARTED] This task will fail.
",
]
`;

exports[`verbose renderer: error handling should not throw out an error when exitonerror is disabled: OgQG0pbo8qgn5ZD8TLdlzM3HnnnYoozl-exit 1`] = `[]`;

exports[`verbose renderer: error handling should not throw out an error when exitonerror is disabled: OgQG0pbo8qgn5ZD8TLdlzM3HnnnYoozl-stderr 1`] = `
[
  "[FAILED] This task failed after 2 seconds.
",
]
`;

exports[`verbose renderer: error handling should not throw out an error when exitonerror is disabled: OgQG0pbo8qgn5ZD8TLdlzM3HnnnYoozl-stdout 1`] = `
[
  "[STARTED] This task will fail.
",
  "[STARTED] This task will execute.
",
  "[TITLE] I will change my title if this executes.
",
  "[COMPLETED] I will change my title if this executes.
",
]
`;

exports[`verbose renderer: error handling should throw out an error: vxSr6uKuGeO4iX7r2j2Uo9SYlXRhz6nf-exit 1`] = `[]`;

exports[`verbose renderer: error handling should throw out an error: vxSr6uKuGeO4iX7r2j2Uo9SYlXRhz6nf-stderr 1`] = `
[
  "[FAILED] This task failed after 2 seconds.
",
]
`;

exports[`verbose renderer: error handling should throw out an error: vxSr6uKuGeO4iX7r2j2Uo9SYlXRhz6nf-stdout 1`] = `
[
  "[STARTED] This task will fail.
",
]
`;
