// Jest Snapshot v1, https://jestjs.io/docs/snapshot-testing

exports[`default renderer: task-enable should enable task with general context in subtasks: 2PeJ1GS5SrNdC7DXMv8nHAQNfire6UYB-exit 1`] = `[]`;

exports[`default renderer: task-enable should enable task with general context in subtasks: 2PeJ1GS5SrNdC7DXMv8nHAQNfire6UYB-stderr 1`] = `[]`;

exports[`default renderer: task-enable should enable task with general context in subtasks: 2PeJ1GS5SrNdC7DXMv8nHAQNfire6UYB-stdout 1`] = `
[
  "[?25l",
  "‚óº This task will execute.
",
  "[2K[1A[2K[G‚óº This task will execute.
‚óº This task will show subtasks.
",
  "[2K[1A[2K[1A[2K[G‚ùØ This task will execute.
‚óº This task will show subtasks.
",
  "[2K[1A[2K[1A[2K[G‚úî This task will execute.
‚óº This task will show subtasks.
",
  "[2K[1A[2K[1A[2K[G‚úî This task will execute.
‚ùØ This task will show subtasks.
",
  "[2K[1A[2K[1A[2K[G‚úî This task will execute.
‚ùØ This task will show subtasks.
  ‚óº This task will execute.
",
  "[2K[1A[2K[1A[2K[1A[2K[G‚úî This task will execute.
‚ùØ This task will show subtasks.
  ‚ùØ This task will execute.
",
  "[2K[1A[2K[1A[2K[1A[2K[G‚úî This task will execute.
‚ùØ This task will show subtasks.
  ‚úî This task will execute.
",
  "[2K[1A[2K[1A[2K[1A[2K[G‚úî This task will execute.
‚úî This task will show subtasks.
",
  "[2K[1A[2K[1A[2K[G",
  "‚úî This task will execute.
‚úî This task will show subtasks.
",
  "[?25h",
]
`;

exports[`default renderer: task-enable should enable task with general context: JeLYvYj1f4ddSjgwkUp7Nr8hICHLdEsU-exit 1`] = `[]`;

exports[`default renderer: task-enable should enable task with general context: JeLYvYj1f4ddSjgwkUp7Nr8hICHLdEsU-stderr 1`] = `[]`;

exports[`default renderer: task-enable should enable task with general context: JeLYvYj1f4ddSjgwkUp7Nr8hICHLdEsU-stdout 1`] = `
[
  "[?25l",
  "‚óº This task will execute.
",
  "[2K[1A[2K[G‚óº This task will execute.
‚óº This task will never execute.
",
  "[2K[1A[2K[1A[2K[G‚ùØ This task will execute.
‚óº This task will never execute.
",
  "[2K[1A[2K[1A[2K[G‚úî This task will execute.
‚óº This task will never execute.
",
  "[2K[1A[2K[1A[2K[G‚úî This task will execute.
",
  "[2K[1A[2K[G",
  "‚úî This task will execute.
",
  "[?25h",
]
`;
