// Jest Snapshot v1, https://jestjs.io/docs/snapshot-testing

exports[`default renderer: task-skip should skip from context: 8KLp76vGVlGdzoy4HztCYcYe2coxpO7e-exit 1`] = `[]`;

exports[`default renderer: task-skip should skip from context: 8KLp76vGVlGdzoy4HztCYcYe2coxpO7e-stderr 1`] = `[]`;

exports[`default renderer: task-skip should skip from context: 8KLp76vGVlGdzoy4HztCYcYe2coxpO7e-stdout 1`] = `
[
  "[?25l",
  "‚óº This task will execute.
",
  "[2K[1A[2K[G‚óº This task will execute.
‚óº This task will never execute.
",
  "[2K[1A[2K[1A[2K[G‚ùØ This task will execute.
‚óº This task will never execute.
",
  "[2K[1A[2K[1A[2K[G‚úî This task will execute.
‚óº This task will never execute.
",
  "[2K[1A[2K[1A[2K[G‚úî This task will execute.
‚ùØ This task will never execute.
",
  "[2K[1A[2K[1A[2K[G‚úî This task will execute.
‚Üì This task will never execute.
",
  "[2K[1A[2K[1A[2K[G",
  "‚úî This task will execute.
‚Üì This task will never execute.
",
  "[?25h",
]
`;

exports[`default renderer: task-skip should skip from internal function: ws7S3nDQgIm3rqk7S8Z1z9NgWUWyqx6F-exit 1`] = `[]`;

exports[`default renderer: task-skip should skip from internal function: ws7S3nDQgIm3rqk7S8Z1z9NgWUWyqx6F-stderr 1`] = `[]`;

exports[`default renderer: task-skip should skip from internal function: ws7S3nDQgIm3rqk7S8Z1z9NgWUWyqx6F-stdout 1`] = `
[
  "[?25l",
  "‚óº This task will execute.
",
  "[2K[1A[2K[G‚ùØ This task will execute.
",
  "[2K[1A[2K[G‚Üì This task will execute.
",
  "[2K[1A[2K[G‚Üì I am skipping this tasks for reasons.
",
  "[2K[1A[2K[G",
  "‚Üì I am skipping this tasks for reasons.
",
  "[?25h",
]
`;

exports[`default renderer: task-skip skip from function: BmDpgfyyKMN40Ei5uinrsuOz1b2lEqtK-exit 1`] = `[]`;

exports[`default renderer: task-skip skip from function: BmDpgfyyKMN40Ei5uinrsuOz1b2lEqtK-stderr 1`] = `[]`;

exports[`default renderer: task-skip skip from function: BmDpgfyyKMN40Ei5uinrsuOz1b2lEqtK-stdout 1`] = `
[
  "[?25l",
  "‚óº This task will execute.
",
  "[2K[1A[2K[G‚óº This task will execute.
‚óº This task will never execute.
",
  "[2K[1A[2K[1A[2K[G‚ùØ This task will execute.
‚óº This task will never execute.
",
  "[2K[1A[2K[1A[2K[G‚úî This task will execute.
‚óº This task will never execute.
",
  "[2K[1A[2K[1A[2K[G‚úî This task will execute.
‚ùØ This task will never execute.
",
  "[2K[1A[2K[1A[2K[G‚úî This task will execute.
‚Üì I will be skipped!
",
  "[2K[1A[2K[1A[2K[G",
  "‚úî This task will execute.
‚Üì I will be skipped!
",
  "[?25h",
]
`;

exports[`simple renderer: task-skip should skip from context: 8KLp76vGVlGdzoy4HztCYcYe2coxpO7e-exit 1`] = `[]`;

exports[`simple renderer: task-skip should skip from context: 8KLp76vGVlGdzoy4HztCYcYe2coxpO7e-stderr 1`] = `[]`;

exports[`simple renderer: task-skip should skip from context: 8KLp76vGVlGdzoy4HztCYcYe2coxpO7e-stdout 1`] = `
[
  "‚ùØ This task will execute.
",
  "‚úî This task will execute.
",
  "‚ùØ This task will never execute.
",
  "‚Üì This task will never execute. [SKIPPED: This task will never execute.]
",
]
`;

exports[`simple renderer: task-skip should skip from internal function: ws7S3nDQgIm3rqk7S8Z1z9NgWUWyqx6F-exit 1`] = `[]`;

exports[`simple renderer: task-skip should skip from internal function: ws7S3nDQgIm3rqk7S8Z1z9NgWUWyqx6F-stderr 1`] = `[]`;

exports[`simple renderer: task-skip should skip from internal function: ws7S3nDQgIm3rqk7S8Z1z9NgWUWyqx6F-stdout 1`] = `
[
  "‚ùØ This task will execute.
",
  "‚Üì This task will execute. [SKIPPED: I am skipping this tasks for reasons.]
",
]
`;

exports[`simple renderer: task-skip skip from function: BmDpgfyyKMN40Ei5uinrsuOz1b2lEqtK-exit 1`] = `[]`;

exports[`simple renderer: task-skip skip from function: BmDpgfyyKMN40Ei5uinrsuOz1b2lEqtK-stderr 1`] = `[]`;

exports[`simple renderer: task-skip skip from function: BmDpgfyyKMN40Ei5uinrsuOz1b2lEqtK-stdout 1`] = `
[
  "‚ùØ This task will execute.
",
  "‚úî This task will execute.
",
  "‚ùØ This task will never execute.
",
  "‚Üì This task will never execute. [SKIPPED: I will be skipped!]
",
]
`;

exports[`test renderer: task-skip should skip from context: 8KLp76vGVlGdzoy4HztCYcYe2coxpO7e-exit 1`] = `[]`;

exports[`test renderer: task-skip should skip from context: 8KLp76vGVlGdzoy4HztCYcYe2coxpO7e-stderr 1`] = `[]`;

exports[`test renderer: task-skip should skip from context: 8KLp76vGVlGdzoy4HztCYcYe2coxpO7e-stdout 1`] = `
[
  "{"event":"STATE","data":"STARTED","task":{"hasRolledBack":false,"isRollingBack":false,"isCompleted":false,"isSkipped":false,"hasFinalized":false,"hasSubtasks":false,"title":"This task will execute.","hasReset":false,"hasTitle":true,"isPrompt":false,"isPaused":false,"isPending":true,"isStarted":true,"hasFailed":false,"isEnabled":true,"isRetrying":false,"path":["This task will execute."]}}
",
  "{"event":"STATE","data":"COMPLETED","task":{"hasRolledBack":false,"isRollingBack":false,"isCompleted":true,"isSkipped":false,"hasFinalized":true,"hasSubtasks":false,"title":"This task will execute.","hasReset":false,"hasTitle":true,"isPrompt":false,"isPaused":false,"isPending":false,"isStarted":false,"hasFailed":false,"isEnabled":true,"isRetrying":false,"path":["This task will execute."]}}
",
  "{"event":"STATE","data":"STARTED","task":{"hasRolledBack":false,"isRollingBack":false,"isCompleted":false,"isSkipped":false,"hasFinalized":false,"hasSubtasks":false,"title":"This task will never execute.","hasReset":false,"hasTitle":true,"isPrompt":false,"isPaused":false,"isPending":true,"isStarted":true,"hasFailed":false,"isEnabled":true,"isRetrying":false,"path":["This task will never execute."]}}
",
  "{"event":"MESSAGE","data":{"skip":"This task will never execute."},"task":{"hasRolledBack":false,"isRollingBack":false,"isCompleted":false,"isSkipped":false,"hasFinalized":false,"hasSubtasks":false,"title":"This task will never execute.","hasReset":false,"hasTitle":true,"isPrompt":false,"isPaused":false,"isPending":true,"isStarted":true,"hasFailed":false,"isEnabled":true,"isRetrying":false,"path":["This task will never execute."]}}
",
  "{"event":"STATE","data":"SKIPPED","task":{"hasRolledBack":false,"isRollingBack":false,"isCompleted":false,"isSkipped":true,"hasFinalized":true,"hasSubtasks":false,"title":"This task will never execute.","hasReset":false,"hasTitle":true,"isPrompt":false,"isPaused":false,"isPending":false,"isStarted":false,"hasFailed":false,"isEnabled":true,"isRetrying":false,"path":["This task will never execute."]}}
",
]
`;

exports[`test renderer: task-skip should skip from internal function: ws7S3nDQgIm3rqk7S8Z1z9NgWUWyqx6F-exit 1`] = `[]`;

exports[`test renderer: task-skip should skip from internal function: ws7S3nDQgIm3rqk7S8Z1z9NgWUWyqx6F-stderr 1`] = `[]`;

exports[`test renderer: task-skip should skip from internal function: ws7S3nDQgIm3rqk7S8Z1z9NgWUWyqx6F-stdout 1`] = `
[
  "{"event":"STATE","data":"STARTED","task":{"hasRolledBack":false,"isRollingBack":false,"isCompleted":false,"isSkipped":false,"hasFinalized":false,"hasSubtasks":false,"title":"This task will execute.","hasReset":false,"hasTitle":true,"isPrompt":false,"isPaused":false,"isPending":true,"isStarted":true,"hasFailed":false,"isEnabled":true,"isRetrying":false,"path":["This task will execute."]}}
",
  "{"event":"STATE","data":"SKIPPED","task":{"hasRolledBack":false,"isRollingBack":false,"isCompleted":false,"isSkipped":true,"hasFinalized":true,"hasSubtasks":false,"title":"This task will execute.","hasReset":false,"hasTitle":true,"isPrompt":false,"isPaused":false,"isPending":false,"isStarted":false,"hasFailed":false,"isEnabled":true,"isRetrying":false,"path":["This task will execute."]}}
",
  "{"event":"MESSAGE","data":{"skip":"I am skipping this tasks for reasons."},"task":{"hasRolledBack":false,"isRollingBack":false,"isCompleted":false,"isSkipped":true,"hasFinalized":true,"hasSubtasks":false,"title":"This task will execute.","hasReset":false,"hasTitle":true,"isPrompt":false,"isPaused":false,"isPending":false,"isStarted":false,"hasFailed":false,"isEnabled":true,"isRetrying":false,"path":["This task will execute."]}}
",
]
`;

exports[`test renderer: task-skip skip from function: BmDpgfyyKMN40Ei5uinrsuOz1b2lEqtK-exit 1`] = `[]`;

exports[`test renderer: task-skip skip from function: BmDpgfyyKMN40Ei5uinrsuOz1b2lEqtK-stderr 1`] = `[]`;

exports[`test renderer: task-skip skip from function: BmDpgfyyKMN40Ei5uinrsuOz1b2lEqtK-stdout 1`] = `
[
  "{"event":"STATE","data":"STARTED","task":{"hasRolledBack":false,"isRollingBack":false,"isCompleted":false,"isSkipped":false,"hasFinalized":false,"hasSubtasks":false,"title":"This task will execute.","hasReset":false,"hasTitle":true,"isPrompt":false,"isPaused":false,"isPending":true,"isStarted":true,"hasFailed":false,"isEnabled":true,"isRetrying":false,"path":["This task will execute."]}}
",
  "{"event":"STATE","data":"COMPLETED","task":{"hasRolledBack":false,"isRollingBack":false,"isCompleted":true,"isSkipped":false,"hasFinalized":true,"hasSubtasks":false,"title":"This task will execute.","hasReset":false,"hasTitle":true,"isPrompt":false,"isPaused":false,"isPending":false,"isStarted":false,"hasFailed":false,"isEnabled":true,"isRetrying":false,"path":["This task will execute."]}}
",
  "{"event":"STATE","data":"STARTED","task":{"hasRolledBack":false,"isRollingBack":false,"isCompleted":false,"isSkipped":false,"hasFinalized":false,"hasSubtasks":false,"title":"This task will never execute.","hasReset":false,"hasTitle":true,"isPrompt":false,"isPaused":false,"isPending":true,"isStarted":true,"hasFailed":false,"isEnabled":true,"isRetrying":false,"path":["This task will never execute."]}}
",
  "{"event":"MESSAGE","data":{"skip":"I will be skipped!"},"task":{"hasRolledBack":false,"isRollingBack":false,"isCompleted":false,"isSkipped":false,"hasFinalized":false,"hasSubtasks":false,"title":"This task will never execute.","hasReset":false,"hasTitle":true,"isPrompt":false,"isPaused":false,"isPending":true,"isStarted":true,"hasFailed":false,"isEnabled":true,"isRetrying":false,"path":["This task will never execute."]}}
",
  "{"event":"STATE","data":"SKIPPED","task":{"hasRolledBack":false,"isRollingBack":false,"isCompleted":false,"isSkipped":true,"hasFinalized":true,"hasSubtasks":false,"title":"This task will never execute.","hasReset":false,"hasTitle":true,"isPrompt":false,"isPaused":false,"isPending":false,"isStarted":false,"hasFailed":false,"isEnabled":true,"isRetrying":false,"path":["This task will never execute."]}}
",
]
`;

exports[`verbose renderer: task-skip should skip from context: 8KLp76vGVlGdzoy4HztCYcYe2coxpO7e-exit 1`] = `[]`;

exports[`verbose renderer: task-skip should skip from context: 8KLp76vGVlGdzoy4HztCYcYe2coxpO7e-stderr 1`] = `[]`;

exports[`verbose renderer: task-skip should skip from context: 8KLp76vGVlGdzoy4HztCYcYe2coxpO7e-stdout 1`] = `
[
  "[STARTED] This task will execute.
",
  "[COMPLETED] This task will execute.
",
  "[STARTED] This task will never execute.
",
  "[SKIPPED] This task will never execute.
",
]
`;

exports[`verbose renderer: task-skip should skip from internal function: ws7S3nDQgIm3rqk7S8Z1z9NgWUWyqx6F-exit 1`] = `[]`;

exports[`verbose renderer: task-skip should skip from internal function: ws7S3nDQgIm3rqk7S8Z1z9NgWUWyqx6F-stderr 1`] = `[]`;

exports[`verbose renderer: task-skip should skip from internal function: ws7S3nDQgIm3rqk7S8Z1z9NgWUWyqx6F-stdout 1`] = `
[
  "[STARTED] This task will execute.
",
  "[SKIPPED] I am skipping this tasks for reasons.
",
]
`;

exports[`verbose renderer: task-skip skip from function: BmDpgfyyKMN40Ei5uinrsuOz1b2lEqtK-exit 1`] = `[]`;

exports[`verbose renderer: task-skip skip from function: BmDpgfyyKMN40Ei5uinrsuOz1b2lEqtK-stderr 1`] = `[]`;

exports[`verbose renderer: task-skip skip from function: BmDpgfyyKMN40Ei5uinrsuOz1b2lEqtK-stdout 1`] = `
[
  "[STARTED] This task will execute.
",
  "[COMPLETED] This task will execute.
",
  "[STARTED] This task will never execute.
",
  "[SKIPPED] I will be skipped!
",
]
`;
