// Jest Snapshot v1, https://jestjs.io/docs/snapshot-testing

exports[`default renderer: process output should hook in to stdout/stderr and log everything after even though there is an error: 77ddpC6bJ1Tj5Mz0JNjCqjq9pkwN7Gxh-exit 1`] = `[]`;

exports[`default renderer: process output should hook in to stdout/stderr and log everything after even though there is an error: 77ddpC6bJ1Tj5Mz0JNjCqjq9pkwN7Gxh-stderr 1`] = `[]`;

exports[`default renderer: process output should hook in to stdout/stderr and log everything after even though there is an error: 77ddpC6bJ1Tj5Mz0JNjCqjq9pkwN7Gxh-stdout 1`] = `
[
  "[?25l",
  "‚óº This task will execute.
",
  "[2K[1A[2K[G‚ùØ This task will execute.
",
  "[2K[1A[2K[G‚ùØ This task will execute.
  ‚Ä∫ I will push an output. [0]
",
  "[2K[1A[2K[1A[2K[G‚ùØ This task will execute.
  ‚Ä∫ I will push an output. [1]
",
  "[2K[1A[2K[1A[2K[G‚ùØ This task will execute.
  ‚Ä∫ I will push an output. [2]
",
  "[2K[1A[2K[1A[2K[G‚úñ This task will execute.
",
  "[2K[1A[2K[G‚úñ yattara
",
  "[2K[1A[2K[G",
  "‚úñ yattara
",
  "
",
  "this should be logged after [0]
",
  "this should be logged after [1]
",
  "this should be logged after [2]
",
  "[?25h",
]
`;

exports[`default renderer: process output should hook in to stdout/stderr and log everything after: qI0M3xvUnGRj5hNg9NhHYq5lezkNGlRK-exit 1`] = `[]`;

exports[`default renderer: process output should hook in to stdout/stderr and log everything after: qI0M3xvUnGRj5hNg9NhHYq5lezkNGlRK-stderr 1`] = `[]`;

exports[`default renderer: process output should hook in to stdout/stderr and log everything after: qI0M3xvUnGRj5hNg9NhHYq5lezkNGlRK-stdout 1`] = `
[
  "[?25l",
  "‚óº This task will execute.
",
  "[2K[1A[2K[G‚ùØ This task will execute.
",
  "[2K[1A[2K[G‚ùØ This task will execute.
  ‚Ä∫ I will push an output. [0]
",
  "[2K[1A[2K[1A[2K[G‚ùØ This task will execute.
  ‚Ä∫ I will push an output. [1]
",
  "[2K[1A[2K[1A[2K[G‚ùØ This task will execute.
  ‚Ä∫ I will push an output. [2]
",
  "[2K[1A[2K[1A[2K[G‚úî This task will execute.
",
  "[2K[1A[2K[G",
  "‚úî This task will execute.
",
  "
",
  "this should be logged after [0]
",
  "this should be logged after [1]
",
  "this should be logged after [2]
",
  "[?25h",
]
`;
