// Jest Snapshot v1, https://jestjs.io/docs/snapshot-testing

exports[`default renderer: task-skip should not collapse skip message: 7IvF8C3RevPE0cdsG7QZonUN1JS26n0N-exit 1`] = `[]`;

exports[`default renderer: task-skip should not collapse skip message: 7IvF8C3RevPE0cdsG7QZonUN1JS26n0N-stderr 1`] = `[]`;

exports[`default renderer: task-skip should not collapse skip message: 7IvF8C3RevPE0cdsG7QZonUN1JS26n0N-stdout 1`] = `
[
  "[?25l",
  "‚óº This task will execute.
",
  "[2K[1A[2K[G‚óº This task will execute.
‚óº This task will never execute.
",
  "[2K[1A[2K[1A[2K[G‚ùØ This task will execute.
‚óº This task will never execute.
",
  "[2K[1A[2K[1A[2K[G‚úî This task will execute.
‚óº This task will never execute.
",
  "[2K[1A[2K[1A[2K[G‚úî This task will execute.
‚ùØ This task will never execute.
",
  "[2K[1A[2K[1A[2K[G‚úî This task will execute.
‚ö† This task will never execute.
  ‚Üì This task will never execute.
",
  "[2K[1A[2K[1A[2K[1A[2K[G",
  "‚úî This task will execute.
‚ö† This task will never execute.
  ‚Üì This task will never execute.
",
  "[?25h",
]
`;

exports[`default renderer: task-skip should show the original title of the task when skipped with empty message: 3n2w67J8KnAihH5KaGDGnHe2O9xawvnx-exit 1`] = `[]`;

exports[`default renderer: task-skip should show the original title of the task when skipped with empty message: 3n2w67J8KnAihH5KaGDGnHe2O9xawvnx-stderr 1`] = `[]`;

exports[`default renderer: task-skip should show the original title of the task when skipped with empty message: 3n2w67J8KnAihH5KaGDGnHe2O9xawvnx-stdout 1`] = `
[
  "[?25l",
  "‚óº This task will execute.
",
  "[2K[1A[2K[G‚ùØ This task will execute.
",
  "[2K[1A[2K[G‚Üì This task will execute.
",
  "[2K[1A[2K[G",
  "‚Üì This task will execute.
",
  "[?25h",
]
`;

exports[`default renderer: task-skip should show the original title of the task: c4Q9Hk2x725caX6F6qXGMgyUQh36HQls-exit 1`] = `[]`;

exports[`default renderer: task-skip should show the original title of the task: c4Q9Hk2x725caX6F6qXGMgyUQh36HQls-stderr 1`] = `[]`;

exports[`default renderer: task-skip should show the original title of the task: c4Q9Hk2x725caX6F6qXGMgyUQh36HQls-stdout 1`] = `
[
  "[?25l",
  "‚óº This task will execute.
",
  "[2K[1A[2K[G‚ùØ This task will execute.
",
  "[2K[1A[2K[G‚Üì This task will execute.
",
  "[2K[1A[2K[G",
  "‚Üì This task will execute.
",
  "[?25h",
]
`;

exports[`default renderer: task-skip should skip without a suffix: omE6UjDQWFXPCa7F8rNE7ByEXsllnMAB-exit 1`] = `[]`;

exports[`default renderer: task-skip should skip without a suffix: omE6UjDQWFXPCa7F8rNE7ByEXsllnMAB-stderr 1`] = `[]`;

exports[`default renderer: task-skip should skip without a suffix: omE6UjDQWFXPCa7F8rNE7ByEXsllnMAB-stdout 1`] = `
[
  "[?25l",
  "‚óº This task will execute.
",
  "[2K[1A[2K[G‚ùØ This task will execute.
",
  "[2K[1A[2K[G‚Üì This task will execute.
",
  "[2K[1A[2K[G‚Üì I am skipping this tasks for reasons.
",
  "[2K[1A[2K[G",
  "‚Üì I am skipping this tasks for reasons.
",
  "[?25h",
]
`;
